
  .   ____          _            __ _ _
 /\\ / ___'_ __ _ _(_)_ __  __ _ \ \ \ \
( ( )\___ | '_ | '_| | '_ \/ _` | \ \ \ \
 \\/  ___)| |_)| | | | | || (_| |  ) ) ) )
  '  |____| .__|_| |_|_| |_\__, | / / / /
 =========|_|==============|___/=/_/_/_/

 :: Spring Boot ::                (v4.1.0)

2026-08-01T23:07:41.365+05:30  INFO [trace=] 34020 --- [tantra] [           main] c.hyperlocal.tantra.TantraApplication    : Starting TantraApplication v0.0.1-SNAPSHOT using Java 17.0.7 with PID 34020 (D:\TANTRA\Tantra_Backend\tantra\target\tantra-0.0.1-SNAPSHOT.jar started by Rahul R in D:\TANTRA\Tantra_Backend\tantra)
2026-08-01T23:07:41.379+05:30  INFO [trace=] 34020 --- [tantra] [           main] c.hyperlocal.tantra.TantraApplication    : No active profile set, falling back to 1 default profile: "default"
2026-08-01T23:07:43.651+05:30  INFO [trace=] 34020 --- [tantra] [           main] .s.d.r.c.RepositoryConfigurationDelegate : Bootstrapping Spring Data JPA repositories in DEFAULT mode.
2026-08-01T23:07:43.918+05:30  INFO [trace=] 34020 --- [tantra] [           main] .s.d.r.c.RepositoryConfigurationDelegate : Finished Spring Data repository scanning in 234 ms. Found 19 JPA repository interfaces.
2026-08-01T23:07:45.573+05:30  INFO [trace=] 34020 --- [tantra] [           main] o.s.boot.tomcat.TomcatWebServer          : Tomcat initialized with port 8080 (http)
2026-08-01T23:07:45.606+05:30  INFO [trace=] 34020 --- [tantra] [           main] o.apache.catalina.core.StandardService   : Starting service [Tomcat]
2026-08-01T23:07:45.608+05:30  INFO [trace=] 34020 --- [tantra] [           main] o.apache.catalina.core.StandardEngine    : Starting Servlet engine: [Apache Tomcat/11.0.22]
2026-08-01T23:07:45.684+05:30  INFO [trace=] 34020 --- [tantra] [           main] b.w.c.s.WebApplicationContextInitializer : Root WebApplicationContext: initialization completed in 4144 ms
2026-08-01T23:07:46.152+05:30  INFO [trace=] 34020 --- [tantra] [           main] org.hibernate.orm.jpa                    : HHH008540: Processing PersistenceUnitInfo [name: default]
2026-08-01T23:07:46.302+05:30  INFO [trace=] 34020 --- [tantra] [           main] org.hibernate.orm.core                   : HHH000001: Hibernate ORM core version 7.4.1.Final
2026-08-01T23:07:47.697+05:30  INFO [trace=] 34020 --- [tantra] [           main] o.s.o.j.p.SpringPersistenceUnitInfo      : No LoadTimeWeaver setup: ignoring JPA class transformer
2026-08-01T23:07:47.796+05:30  INFO [trace=] 34020 --- [tantra] [           main] com.zaxxer.hikari.HikariDataSource       : HikariPool-1 - Starting...
2026-08-01T23:07:48.375+05:30  INFO [trace=] 34020 --- [tantra] [           main] com.zaxxer.hikari.pool.HikariPool        : HikariPool-1 - Added connection org.postgresql.jdbc.PgConnection@256a5df0
2026-08-01T23:07:48.380+05:30  INFO [trace=] 34020 --- [tantra] [           main] com.zaxxer.hikari.HikariDataSource       : HikariPool-1 - Start completed.
2026-08-01T23:07:48.464+05:30  WARN [trace=] 34020 --- [tantra] [           main] org.hibernate.orm.deprecation            : HHH90000025: PostgreSQLDialect does not need to be specified explicitly using 'hibernate.dialect' (remove the property setting and it will be selected by default)
2026-08-01T23:07:48.534+05:30  INFO [trace=] 34020 --- [tantra] [           main] org.hibernate.orm.connections.pooling    : HHH10001005: Database info:
	Database JDBC URL [jdbc:postgresql://localhost:5432/tantra_db]
	Database driver: PostgreSQL JDBC Driver
	Database dialect: PostgreSQLDialect
	Database version: 18.4
	Default catalog/schema: tantra_db/public
	Autocommit mode: undefined/unknown
	Isolation level: READ_COMMITTED [default READ_COMMITTED]
	JDBC fetch size: none
	Pool: DataSourceConnectionProvider
	Minimum pool size: undefined/unknown
	Maximum pool size: undefined/unknown
2026-08-01T23:07:51.732+05:30  INFO [trace=] 34020 --- [tantra] [           main] org.hibernate.orm.core                   : HHH000489: No JTA platform available (set 'hibernate.transaction.jta.platform' to enable JTA platform integration)
2026-08-01T23:07:52.026+05:30  INFO [trace=] 34020 --- [tantra] [           main] j.LocalContainerEntityManagerFactoryBean : Initialized JPA EntityManagerFactory for persistence unit 'default'
2026-08-01T23:07:52.225+05:30  INFO [trace=] 34020 --- [tantra] [           main] o.s.d.j.r.query.QueryEnhancerFactories   : Hibernate is in classpath; If applicable, HQL parser will be used.
2026-08-01T23:07:57.802+05:30  WARN [trace=] 34020 --- [tantra] [           main] JpaBaseConfiguration$JpaWebConfiguration : spring.jpa.open-in-view is enabled by default. Therefore, database queries may be performed during view rendering. Explicitly configure spring.jpa.open-in-view to disable this warning
2026-08-01T23:07:58.079+05:30  INFO [trace=] 34020 --- [tantra] [           main] r$InitializeUserDetailsManagerConfigurer : Global AuthenticationManager configured with UserDetailsService bean with name customUserDetailsService
2026-08-01T23:07:59.460+05:30  INFO [trace=] 34020 --- [tantra] [           main] o.s.boot.tomcat.TomcatWebServer          : Tomcat started on port 8080 (http) with context path '/'
2026-08-01T23:07:59.488+05:30  INFO [trace=] 34020 --- [tantra] [           main] c.hyperlocal.tantra.TantraApplication    : Started TantraApplication in 19.748 seconds (process running for 21.436)
Hibernate: select us1_0.id,us1_0.auto_renew,us1_0.created_at,us1_0.expires_at,us1_0.granted_by,us1_0.notes,us1_0.payment_gateway,us1_0.payment_ref,us1_0.plan_id,us1_0.started_at,us1_0.status,us1_0.subscription_id,us1_0.updated_at,us1_0.user_id from user_subscriptions us1_0 where us1_0.status='ACTIVE' and us1_0.expires_at<?
2026-08-01T23:08:07.831+05:30  INFO [trace=] 34020 --- [tantra] [nio-8080-exec-1] o.a.c.c.C.[Tomcat].[localhost].[/]       : Initializing Spring DispatcherServlet 'dispatcherServlet'
2026-08-01T23:08:07.840+05:30  INFO [trace=] 34020 --- [tantra] [nio-8080-exec-1] o.s.web.servlet.DispatcherServlet        : Initializing Servlet 'dispatcherServlet'
2026-08-01T23:08:07.845+05:30  INFO [trace=] 34020 --- [tantra] [nio-8080-exec-1] o.s.web.servlet.DispatcherServlet        : Completed initialization in 4 ms
Hibernate: select u1_0.id,u1_0.app_usage_role,u1_0.created_at,u1_0.first_name,u1_0.last_name,u1_0.mobile_number,u1_0.otp_expiry,u1_0.password,u1_0.preferred_language,u1_0.reset_otp,u1_0.user_id from users u1_0 where u1_0.mobile_number=?
Hibernate: select u1_0.id,u1_0.app_usage_role,u1_0.created_at,u1_0.first_name,u1_0.last_name,u1_0.mobile_number,u1_0.otp_expiry,u1_0.password,u1_0.preferred_language,u1_0.reset_otp,u1_0.user_id from users u1_0 where u1_0.mobile_number=?
Hibernate: select os1_0.id,os1_0.created_at,os1_0.is_active,os1_0.name,os1_0.set_key from option_sets os1_0 where os1_0.set_key=?
Hibernate: select fd1_0.id,fd1_0.category_id,fd1_0.context_key,fd1_0.created_at,fd1_0.fields,fd1_0.form_type,fd1_0.is_active,fd1_0.listing_type,fd1_0.title,fd1_0.version from form_definitions fd1_0 where fd1_0.form_type=? and fd1_0.context_key=? and fd1_0.is_active=true order by fd1_0.version desc fetch first ? rows only
Hibernate: select fd1_0.id,fd1_0.category_id,fd1_0.context_key,fd1_0.created_at,fd1_0.fields,fd1_0.form_type,fd1_0.is_active,fd1_0.listing_type,fd1_0.title,fd1_0.version from form_definitions fd1_0 where fd1_0.form_type=? and fd1_0.context_key=? and fd1_0.is_active=true order by fd1_0.version desc fetch first ? rows only
Hibernate: select oi1_0.id,oi1_0.created_at,oi1_0.display_order,oi1_0.is_active,oi1_0.item_key,oi1_0.label,oi1_0.option_set_id,oi1_0.parent_item_id from option_items oi1_0 where oi1_0.option_set_id=? and oi1_0.is_active=true order by oi1_0.display_order
Hibernate: select os1_0.id,os1_0.created_at,os1_0.is_active,os1_0.name,os1_0.set_key from option_sets os1_0 where os1_0.set_key=?
Hibernate: select oi1_0.id,oi1_0.created_at,oi1_0.display_order,oi1_0.is_active,oi1_0.item_key,oi1_0.label,oi1_0.option_set_id,oi1_0.parent_item_id from option_items oi1_0 where oi1_0.option_set_id=? and oi1_0.is_active=true order by oi1_0.display_order
Hibernate: select mp1_0.id,mp1_0.crop_key,mp1_0.crop_name,mp1_0.emoji,mp1_0.is_active,mp1_0.notified_on,mp1_0.prev_price_per_quintal,mp1_0.price_per_quintal,mp1_0.season,mp1_0.year from msp_prices mp1_0 where mp1_0.year=? and mp1_0.is_active=true order by mp1_0.season,mp1_0.crop_key
Hibernate: insert into msp_prices (crop_key,crop_name,emoji,is_active,notified_on,prev_price_per_quintal,price_per_quintal,season,year) values (?,?,?,?,?,?,?,?,?)
Hibernate: insert into msp_prices (crop_key,crop_name,emoji,is_active,notified_on,prev_price_per_quintal,price_per_quintal,season,year) values (?,?,?,?,?,?,?,?,?)
Hibernate: insert into msp_prices (crop_key,crop_name,emoji,is_active,notified_on,prev_price_per_quintal,price_per_quintal,season,year) values (?,?,?,?,?,?,?,?,?)
Hibernate: insert into msp_prices (crop_key,crop_name,emoji,is_active,notified_on,prev_price_per_quintal,price_per_quintal,season,year) values (?,?,?,?,?,?,?,?,?)
Hibernate: insert into msp_prices (crop_key,crop_name,emoji,is_active,notified_on,prev_price_per_quintal,price_per_quintal,season,year) values (?,?,?,?,?,?,?,?,?)
Hibernate: insert into msp_prices (crop_key,crop_name,emoji,is_active,notified_on,prev_price_per_quintal,price_per_quintal,season,year) values (?,?,?,?,?,?,?,?,?)
Hibernate: insert into msp_prices (crop_key,crop_name,emoji,is_active,notified_on,prev_price_per_quintal,price_per_quintal,season,year) values (?,?,?,?,?,?,?,?,?)
Hibernate: insert into msp_prices (crop_key,crop_name,emoji,is_active,notified_on,prev_price_per_quintal,price_per_quintal,season,year) values (?,?,?,?,?,?,?,?,?)
Hibernate: insert into msp_prices (crop_key,crop_name,emoji,is_active,notified_on,prev_price_per_quintal,price_per_quintal,season,year) values (?,?,?,?,?,?,?,?,?)
Hibernate: insert into msp_prices (crop_key,crop_name,emoji,is_active,notified_on,prev_price_per_quintal,price_per_quintal,season,year) values (?,?,?,?,?,?,?,?,?)
Hibernate: insert into msp_prices (crop_key,crop_name,emoji,is_active,notified_on,prev_price_per_quintal,price_per_quintal,season,year) values (?,?,?,?,?,?,?,?,?)
Hibernate: insert into msp_prices (crop_key,crop_name,emoji,is_active,notified_on,prev_price_per_quintal,price_per_quintal,season,year) values (?,?,?,?,?,?,?,?,?)
Hibernate: insert into msp_prices (crop_key,crop_name,emoji,is_active,notified_on,prev_price_per_quintal,price_per_quintal,season,year) values (?,?,?,?,?,?,?,?,?)
Hibernate: insert into msp_prices (crop_key,crop_name,emoji,is_active,notified_on,prev_price_per_quintal,price_per_quintal,season,year) values (?,?,?,?,?,?,?,?,?)
Hibernate: insert into msp_prices (crop_key,crop_name,emoji,is_active,notified_on,prev_price_per_quintal,price_per_quintal,season,year) values (?,?,?,?,?,?,?,?,?)
Hibernate: insert into msp_prices (crop_key,crop_name,emoji,is_active,notified_on,prev_price_per_quintal,price_per_quintal,season,year) values (?,?,?,?,?,?,?,?,?)
2026-08-01T23:08:55.209+05:30  INFO [trace=cd9167760ecb4494] 34020 --- [tantra] [nio-8080-exec-6] c.h.t.modules.home.service.HomeService   : [HOME] Building home feed — district= lang=EN
Hibernate: select am1_0.id,am1_0.created_at,am1_0.is_active,am1_0.module_key,am1_0.module_name_en,am1_0.module_name_hi from app_modules am1_0 where am1_0.is_active=true
Hibernate: select pc1_0.id,pc1_0.bg_color,pc1_0.card_id,pc1_0.card_type,pc1_0.created_at,pc1_0.created_by,pc1_0.cta_label,pc1_0.cta_type,pc1_0.cta_value,pc1_0.display_order,pc1_0.image_url,pc1_0.is_active,pc1_0.subtitle,pc1_0.target_district,pc1_0.text_color,pc1_0.title,pc1_0.updated_at,pc1_0.valid_from,pc1_0.valid_to from promo_cards pc1_0 where pc1_0.is_active=true and (pc1_0.valid_from is null or pc1_0.valid_from<=?) and (pc1_0.valid_to is null or pc1_0.valid_to>=?) and (pc1_0.target_district is null or ? is null or pc1_0.target_district=?) order by pc1_0.display_order
Hibernate: SELECT l.* FROM listings l INNER JOIN user_subscriptions ss ON ss.user_id = l.user_id AND ss.status = 'ACTIVE' AND ss.expires_at > NOW() INNER JOIN subscription_plans sp ON sp.id = ss.plan_id AND sp.home_feed_slots > 0 WHERE l.is_deleted = false AND l.status = 'ACTIVE' AND l.is_active = true AND (? IS NULL OR l.address->>'district' ILIKE ?) ORDER BY sp.sort_weight ASC, l.created_at DESC LIMIT ?
Hibernate: select am1_0.id,am1_0.created_at,am1_0.is_active,am1_0.module_key,am1_0.module_name_en,am1_0.module_name_hi from app_modules am1_0 where am1_0.is_active=true
Hibernate: select mc1_0.id,mc1_0.action_type,mc1_0.category_key,mc1_0.category_name_en,mc1_0.category_name_hi,mc1_0.created_at,mc1_0.display_order,mc1_0.icon_url,mc1_0.is_active,mc1_0.link_key,mc1_0.module_id,mc1_0.parent_id from module_categories mc1_0 where mc1_0.module_id=? and mc1_0.parent_id is null and mc1_0.is_active=true order by mc1_0.display_order
Hibernate: SELECT l.* FROM listings l LEFT JOIN user_subscriptions ss ON ss.user_id = l.user_id AND ss.status = 'ACTIVE' AND ss.expires_at > NOW() LEFT JOIN subscription_plans sp ON sp.id = ss.plan_id WHERE l.is_deleted = false AND l.status = 'ACTIVE' AND l.is_active = true AND l.module_id = ? AND (? IS NULL OR l.address->>'district' ILIKE ?) ORDER BY COALESCE(sp.sort_weight, 99) ASC, l.created_at DESC LIMIT ?
Hibernate: select mc1_0.id,mc1_0.action_type,mc1_0.category_key,mc1_0.category_name_en,mc1_0.category_name_hi,mc1_0.created_at,mc1_0.display_order,mc1_0.icon_url,mc1_0.is_active,mc1_0.link_key,mc1_0.module_id,mc1_0.parent_id from module_categories mc1_0 where mc1_0.id=?
Hibernate: select us1_0.id,us1_0.auto_renew,us1_0.created_at,us1_0.expires_at,us1_0.granted_by,us1_0.notes,us1_0.payment_gateway,us1_0.payment_ref,us1_0.plan_id,us1_0.started_at,us1_0.status,us1_0.subscription_id,us1_0.updated_at,us1_0.user_id from user_subscriptions us1_0 where us1_0.user_id=? and us1_0.status='ACTIVE' and us1_0.expires_at>?
Hibernate: select bp1_0.id,bp1_0.address,bp1_0.attributes,bp1_0.block_reason,bp1_0.business_name,bp1_0.created_at,bp1_0.documents,bp1_0.form_id,bp1_0.form_version,bp1_0.is_active,bp1_0.is_deleted,bp1_0.is_visible,bp1_0.latitude,bp1_0.longitude,bp1_0.profile_id,bp1_0.profile_type,bp1_0.reject_reason,bp1_0.updated_at,bp1_0.user_id,bp1_0.verification_status,bp1_0.verified_at,bp1_0.verified_by from business_profiles bp1_0 where bp1_0.user_id=? and bp1_0.verification_status=? and bp1_0.is_deleted=false
Hibernate: select us1_0.id,us1_0.auto_renew,us1_0.created_at,us1_0.expires_at,us1_0.granted_by,us1_0.notes,us1_0.payment_gateway,us1_0.payment_ref,us1_0.plan_id,us1_0.started_at,us1_0.status,us1_0.subscription_id,us1_0.updated_at,us1_0.user_id from user_subscriptions us1_0 where us1_0.user_id=? and us1_0.status='ACTIVE' and us1_0.expires_at>?
Hibernate: select bp1_0.id,bp1_0.address,bp1_0.attributes,bp1_0.block_reason,bp1_0.business_name,bp1_0.created_at,bp1_0.documents,bp1_0.form_id,bp1_0.form_version,bp1_0.is_active,bp1_0.is_deleted,bp1_0.is_visible,bp1_0.latitude,bp1_0.longitude,bp1_0.profile_id,bp1_0.profile_type,bp1_0.reject_reason,bp1_0.updated_at,bp1_0.user_id,bp1_0.verification_status,bp1_0.verified_at,bp1_0.verified_by from business_profiles bp1_0 where bp1_0.user_id=? and bp1_0.verification_status=? and bp1_0.is_deleted=false
Hibernate: select mc1_0.id,mc1_0.action_type,mc1_0.category_key,mc1_0.category_name_en,mc1_0.category_name_hi,mc1_0.created_at,mc1_0.display_order,mc1_0.icon_url,mc1_0.is_active,mc1_0.link_key,mc1_0.module_id,mc1_0.parent_id from module_categories mc1_0 where mc1_0.id=?
Hibernate: select us1_0.id,us1_0.auto_renew,us1_0.created_at,us1_0.expires_at,us1_0.granted_by,us1_0.notes,us1_0.payment_gateway,us1_0.payment_ref,us1_0.plan_id,us1_0.started_at,us1_0.status,us1_0.subscription_id,us1_0.updated_at,us1_0.user_id from user_subscriptions us1_0 where us1_0.user_id=? and us1_0.status='ACTIVE' and us1_0.expires_at>?
Hibernate: select bp1_0.id,bp1_0.address,bp1_0.attributes,bp1_0.block_reason,bp1_0.business_name,bp1_0.created_at,bp1_0.documents,bp1_0.form_id,bp1_0.form_version,bp1_0.is_active,bp1_0.is_deleted,bp1_0.is_visible,bp1_0.latitude,bp1_0.longitude,bp1_0.profile_id,bp1_0.profile_type,bp1_0.reject_reason,bp1_0.updated_at,bp1_0.user_id,bp1_0.verification_status,bp1_0.verified_at,bp1_0.verified_by from business_profiles bp1_0 where bp1_0.user_id=? and bp1_0.verification_status=? and bp1_0.is_deleted=false
Hibernate: select mc1_0.id,mc1_0.action_type,mc1_0.category_key,mc1_0.category_name_en,mc1_0.category_name_hi,mc1_0.created_at,mc1_0.display_order,mc1_0.icon_url,mc1_0.is_active,mc1_0.link_key,mc1_0.module_id,mc1_0.parent_id from module_categories mc1_0 where mc1_0.id=?
Hibernate: select us1_0.id,us1_0.auto_renew,us1_0.created_at,us1_0.expires_at,us1_0.granted_by,us1_0.notes,us1_0.payment_gateway,us1_0.payment_ref,us1_0.plan_id,us1_0.started_at,us1_0.status,us1_0.subscription_id,us1_0.updated_at,us1_0.user_id from user_subscriptions us1_0 where us1_0.user_id=? and us1_0.status='ACTIVE' and us1_0.expires_at>?
Hibernate: select bp1_0.id,bp1_0.address,bp1_0.attributes,bp1_0.block_reason,bp1_0.business_name,bp1_0.created_at,bp1_0.documents,bp1_0.form_id,bp1_0.form_version,bp1_0.is_active,bp1_0.is_deleted,bp1_0.is_visible,bp1_0.latitude,bp1_0.longitude,bp1_0.profile_id,bp1_0.profile_type,bp1_0.reject_reason,bp1_0.updated_at,bp1_0.user_id,bp1_0.verification_status,bp1_0.verified_at,bp1_0.verified_by from business_profiles bp1_0 where bp1_0.user_id=? and bp1_0.verification_status=? and bp1_0.is_deleted=false
Hibernate: select mc1_0.id,mc1_0.action_type,mc1_0.category_key,mc1_0.category_name_en,mc1_0.category_name_hi,mc1_0.created_at,mc1_0.display_order,mc1_0.icon_url,mc1_0.is_active,mc1_0.link_key,mc1_0.module_id,mc1_0.parent_id from module_categories mc1_0 where mc1_0.id=?
Hibernate: select us1_0.id,us1_0.auto_renew,us1_0.created_at,us1_0.expires_at,us1_0.granted_by,us1_0.notes,us1_0.payment_gateway,us1_0.payment_ref,us1_0.plan_id,us1_0.started_at,us1_0.status,us1_0.subscription_id,us1_0.updated_at,us1_0.user_id from user_subscriptions us1_0 where us1_0.user_id=? and us1_0.status='ACTIVE' and us1_0.expires_at>?
Hibernate: select bp1_0.id,bp1_0.address,bp1_0.attributes,bp1_0.block_reason,bp1_0.business_name,bp1_0.created_at,bp1_0.documents,bp1_0.form_id,bp1_0.form_version,bp1_0.is_active,bp1_0.is_deleted,bp1_0.is_visible,bp1_0.latitude,bp1_0.longitude,bp1_0.profile_id,bp1_0.profile_type,bp1_0.reject_reason,bp1_0.updated_at,bp1_0.user_id,bp1_0.verification_status,bp1_0.verified_at,bp1_0.verified_by from business_profiles bp1_0 where bp1_0.user_id=? and bp1_0.verification_status=? and bp1_0.is_deleted=false
Hibernate: select mc1_0.id,mc1_0.action_type,mc1_0.category_key,mc1_0.category_name_en,mc1_0.category_name_hi,mc1_0.created_at,mc1_0.display_order,mc1_0.icon_url,mc1_0.is_active,mc1_0.link_key,mc1_0.module_id,mc1_0.parent_id from module_categories mc1_0 where mc1_0.id=?
Hibernate: select us1_0.id,us1_0.auto_renew,us1_0.created_at,us1_0.expires_at,us1_0.granted_by,us1_0.notes,us1_0.payment_gateway,us1_0.payment_ref,us1_0.plan_id,us1_0.started_at,us1_0.status,us1_0.subscription_id,us1_0.updated_at,us1_0.user_id from user_subscriptions us1_0 where us1_0.user_id=? and us1_0.status='ACTIVE' and us1_0.expires_at>?
Hibernate: select bp1_0.id,bp1_0.address,bp1_0.attributes,bp1_0.block_reason,bp1_0.business_name,bp1_0.created_at,bp1_0.documents,bp1_0.form_id,bp1_0.form_version,bp1_0.is_active,bp1_0.is_deleted,bp1_0.is_visible,bp1_0.latitude,bp1_0.longitude,bp1_0.profile_id,bp1_0.profile_type,bp1_0.reject_reason,bp1_0.updated_at,bp1_0.user_id,bp1_0.verification_status,bp1_0.verified_at,bp1_0.verified_by from business_profiles bp1_0 where bp1_0.user_id=? and bp1_0.verification_status=? and bp1_0.is_deleted=false
Hibernate: select mc1_0.id,mc1_0.action_type,mc1_0.category_key,mc1_0.category_name_en,mc1_0.category_name_hi,mc1_0.created_at,mc1_0.display_order,mc1_0.icon_url,mc1_0.is_active,mc1_0.link_key,mc1_0.module_id,mc1_0.parent_id from module_categories mc1_0 where mc1_0.module_id=? and mc1_0.parent_id is null and mc1_0.is_active=true order by mc1_0.display_order
Hibernate: SELECT l.* FROM listings l LEFT JOIN user_subscriptions ss ON ss.user_id = l.user_id AND ss.status = 'ACTIVE' AND ss.expires_at > NOW() LEFT JOIN subscription_plans sp ON sp.id = ss.plan_id WHERE l.is_deleted = false AND l.status = 'ACTIVE' AND l.is_active = true AND l.module_id = ? AND (? IS NULL OR l.address->>'district' ILIKE ?) ORDER BY COALESCE(sp.sort_weight, 99) ASC, l.created_at DESC LIMIT ?
Hibernate: select mc1_0.id,mc1_0.action_type,mc1_0.category_key,mc1_0.category_name_en,mc1_0.category_name_hi,mc1_0.created_at,mc1_0.display_order,mc1_0.icon_url,mc1_0.is_active,mc1_0.link_key,mc1_0.module_id,mc1_0.parent_id from module_categories mc1_0 where mc1_0.id=?
Hibernate: select us1_0.id,us1_0.auto_renew,us1_0.created_at,us1_0.expires_at,us1_0.granted_by,us1_0.notes,us1_0.payment_gateway,us1_0.payment_ref,us1_0.plan_id,us1_0.started_at,us1_0.status,us1_0.subscription_id,us1_0.updated_at,us1_0.user_id from user_subscriptions us1_0 where us1_0.user_id=? and us1_0.status='ACTIVE' and us1_0.expires_at>?
Hibernate: select bp1_0.id,bp1_0.address,bp1_0.attributes,bp1_0.block_reason,bp1_0.business_name,bp1_0.created_at,bp1_0.documents,bp1_0.form_id,bp1_0.form_version,bp1_0.is_active,bp1_0.is_deleted,bp1_0.is_visible,bp1_0.latitude,bp1_0.longitude,bp1_0.profile_id,bp1_0.profile_type,bp1_0.reject_reason,bp1_0.updated_at,bp1_0.user_id,bp1_0.verification_status,bp1_0.verified_at,bp1_0.verified_by from business_profiles bp1_0 where bp1_0.user_id=? and bp1_0.verification_status=? and bp1_0.is_deleted=false
Hibernate: select mc1_0.id,mc1_0.action_type,mc1_0.category_key,mc1_0.category_name_en,mc1_0.category_name_hi,mc1_0.created_at,mc1_0.display_order,mc1_0.icon_url,mc1_0.is_active,mc1_0.link_key,mc1_0.module_id,mc1_0.parent_id from module_categories mc1_0 where mc1_0.id=?
Hibernate: select us1_0.id,us1_0.auto_renew,us1_0.created_at,us1_0.expires_at,us1_0.granted_by,us1_0.notes,us1_0.payment_gateway,us1_0.payment_ref,us1_0.plan_id,us1_0.started_at,us1_0.status,us1_0.subscription_id,us1_0.updated_at,us1_0.user_id from user_subscriptions us1_0 where us1_0.user_id=? and us1_0.status='ACTIVE' and us1_0.expires_at>?
Hibernate: select bp1_0.id,bp1_0.address,bp1_0.attributes,bp1_0.block_reason,bp1_0.business_name,bp1_0.created_at,bp1_0.documents,bp1_0.form_id,bp1_0.form_version,bp1_0.is_active,bp1_0.is_deleted,bp1_0.is_visible,bp1_0.latitude,bp1_0.longitude,bp1_0.profile_id,bp1_0.profile_type,bp1_0.reject_reason,bp1_0.updated_at,bp1_0.user_id,bp1_0.verification_status,bp1_0.verified_at,bp1_0.verified_by from business_profiles bp1_0 where bp1_0.user_id=? and bp1_0.verification_status=? and bp1_0.is_deleted=false
Hibernate: select mc1_0.id,mc1_0.action_type,mc1_0.category_key,mc1_0.category_name_en,mc1_0.category_name_hi,mc1_0.created_at,mc1_0.display_order,mc1_0.icon_url,mc1_0.is_active,mc1_0.link_key,mc1_0.module_id,mc1_0.parent_id from module_categories mc1_0 where mc1_0.id=?
Hibernate: select us1_0.id,us1_0.auto_renew,us1_0.created_at,us1_0.expires_at,us1_0.granted_by,us1_0.notes,us1_0.payment_gateway,us1_0.payment_ref,us1_0.plan_id,us1_0.started_at,us1_0.status,us1_0.subscription_id,us1_0.updated_at,us1_0.user_id from user_subscriptions us1_0 where us1_0.user_id=? and us1_0.status='ACTIVE' and us1_0.expires_at>?
Hibernate: select bp1_0.id,bp1_0.address,bp1_0.attributes,bp1_0.block_reason,bp1_0.business_name,bp1_0.created_at,bp1_0.documents,bp1_0.form_id,bp1_0.form_version,bp1_0.is_active,bp1_0.is_deleted,bp1_0.is_visible,bp1_0.latitude,bp1_0.longitude,bp1_0.profile_id,bp1_0.profile_type,bp1_0.reject_reason,bp1_0.updated_at,bp1_0.user_id,bp1_0.verification_status,bp1_0.verified_at,bp1_0.verified_by from business_profiles bp1_0 where bp1_0.user_id=? and bp1_0.verification_status=? and bp1_0.is_deleted=false
Hibernate: select us1_0.id,us1_0.auto_renew,us1_0.created_at,us1_0.expires_at,us1_0.granted_by,us1_0.notes,us1_0.payment_gateway,us1_0.payment_ref,us1_0.plan_id,us1_0.started_at,us1_0.status,us1_0.subscription_id,us1_0.updated_at,us1_0.user_id from user_subscriptions us1_0 where us1_0.user_id=? and us1_0.status='ACTIVE' and us1_0.expires_at>?
Hibernate: select bp1_0.id,bp1_0.address,bp1_0.attributes,bp1_0.block_reason,bp1_0.business_name,bp1_0.created_at,bp1_0.documents,bp1_0.form_id,bp1_0.form_version,bp1_0.is_active,bp1_0.is_deleted,bp1_0.is_visible,bp1_0.latitude,bp1_0.longitude,bp1_0.profile_id,bp1_0.profile_type,bp1_0.reject_reason,bp1_0.updated_at,bp1_0.user_id,bp1_0.verification_status,bp1_0.verified_at,bp1_0.verified_by from business_profiles bp1_0 where bp1_0.user_id=? and bp1_0.verification_status=? and bp1_0.is_deleted=false
Hibernate: select us1_0.id,us1_0.auto_renew,us1_0.created_at,us1_0.expires_at,us1_0.granted_by,us1_0.notes,us1_0.payment_gateway,us1_0.payment_ref,us1_0.plan_id,us1_0.started_at,us1_0.status,us1_0.subscription_id,us1_0.updated_at,us1_0.user_id from user_subscriptions us1_0 where us1_0.user_id=? and us1_0.status='ACTIVE' and us1_0.expires_at>?
Hibernate: select bp1_0.id,bp1_0.address,bp1_0.attributes,bp1_0.block_reason,bp1_0.business_name,bp1_0.created_at,bp1_0.documents,bp1_0.form_id,bp1_0.form_version,bp1_0.is_active,bp1_0.is_deleted,bp1_0.is_visible,bp1_0.latitude,bp1_0.longitude,bp1_0.profile_id,bp1_0.profile_type,bp1_0.reject_reason,bp1_0.updated_at,bp1_0.user_id,bp1_0.verification_status,bp1_0.verified_at,bp1_0.verified_by from business_profiles bp1_0 where bp1_0.user_id=? and bp1_0.verification_status=? and bp1_0.is_deleted=false
Hibernate: select us1_0.id,us1_0.auto_renew,us1_0.created_at,us1_0.expires_at,us1_0.granted_by,us1_0.notes,us1_0.payment_gateway,us1_0.payment_ref,us1_0.plan_id,us1_0.started_at,us1_0.status,us1_0.subscription_id,us1_0.updated_at,us1_0.user_id from user_subscriptions us1_0 where us1_0.user_id=? and us1_0.status='ACTIVE' and us1_0.expires_at>?
Hibernate: select bp1_0.id,bp1_0.address,bp1_0.attributes,bp1_0.block_reason,bp1_0.business_name,bp1_0.created_at,bp1_0.documents,bp1_0.form_id,bp1_0.form_version,bp1_0.is_active,bp1_0.is_deleted,bp1_0.is_visible,bp1_0.latitude,bp1_0.longitude,bp1_0.profile_id,bp1_0.profile_type,bp1_0.reject_reason,bp1_0.updated_at,bp1_0.user_id,bp1_0.verification_status,bp1_0.verified_at,bp1_0.verified_by from business_profiles bp1_0 where bp1_0.user_id=? and bp1_0.verification_status=? and bp1_0.is_deleted=false
Hibernate: SELECT bp.* FROM business_profiles bp INNER JOIN user_subscriptions ss ON ss.user_id = bp.user_id AND ss.status = 'ACTIVE' AND ss.expires_at > NOW() INNER JOIN subscription_plans sp ON sp.id = ss.plan_id AND sp.profile_highlight = true AND sp.home_feed_slots > 0 WHERE bp.is_deleted = false AND bp.is_active = true AND bp.verification_status = 'APPROVED' AND (? IS NULL OR bp.address->>'district' ILIKE ?) ORDER BY sp.sort_weight ASC, bp.created_at DESC LIMIT ?
Hibernate: select l1_0.id,l1_0.actual_price,l1_0.address,l1_0.address_id,l1_0.attributes,l1_0.category_id,l1_0.contact_number,l1_0.contact_reveal_count,l1_0.created_at,l1_0.created_by,l1_0.discount_expires_at,l1_0.discount_pct,l1_0.favorite_count,l1_0.flash_deal,l1_0.form_id,l1_0.form_version,l1_0.images,l1_0.is_active,l1_0.is_deleted,l1_0.is_negotiable,l1_0.latitude,l1_0.listing_id,l1_0.listing_type,l1_0.longitude,l1_0.module_id,l1_0.offered_price,l1_0.quantity,l1_0.search_vector,l1_0.show_contact,l1_0.status,l1_0.unit,l1_0.updated_at,l1_0.updated_by,l1_0.user_id,l1_0.user_mobile_number,l1_0.view_count from listings l1_0 order by l1_0.created_at desc offset ? rows fetch first ? rows only
Hibernate: select count(l1_0.id) from listings l1_0
Hibernate: select us1_0.id,us1_0.auto_renew,us1_0.created_at,us1_0.expires_at,us1_0.granted_by,us1_0.notes,us1_0.payment_gateway,us1_0.payment_ref,us1_0.plan_id,us1_0.started_at,us1_0.status,us1_0.subscription_id,us1_0.updated_at,us1_0.user_id from user_subscriptions us1_0 where us1_0.user_id=? and us1_0.status='ACTIVE' and us1_0.expires_at>?
Hibernate: select bp1_0.id,bp1_0.address,bp1_0.attributes,bp1_0.block_reason,bp1_0.business_name,bp1_0.created_at,bp1_0.documents,bp1_0.form_id,bp1_0.form_version,bp1_0.is_active,bp1_0.is_deleted,bp1_0.is_visible,bp1_0.latitude,bp1_0.longitude,bp1_0.profile_id,bp1_0.profile_type,bp1_0.reject_reason,bp1_0.updated_at,bp1_0.user_id,bp1_0.verification_status,bp1_0.verified_at,bp1_0.verified_by from business_profiles bp1_0 where bp1_0.user_id=? and bp1_0.verification_status=? and bp1_0.is_deleted=false
Hibernate: select us1_0.id,us1_0.auto_renew,us1_0.created_at,us1_0.expires_at,us1_0.granted_by,us1_0.notes,us1_0.payment_gateway,us1_0.payment_ref,us1_0.plan_id,us1_0.started_at,us1_0.status,us1_0.subscription_id,us1_0.updated_at,us1_0.user_id from user_subscriptions us1_0 where us1_0.user_id=? and us1_0.status='ACTIVE' and us1_0.expires_at>?
Hibernate: select bp1_0.id,bp1_0.address,bp1_0.attributes,bp1_0.block_reason,bp1_0.business_name,bp1_0.created_at,bp1_0.documents,bp1_0.form_id,bp1_0.form_version,bp1_0.is_active,bp1_0.is_deleted,bp1_0.is_visible,bp1_0.latitude,bp1_0.longitude,bp1_0.profile_id,bp1_0.profile_type,bp1_0.reject_reason,bp1_0.updated_at,bp1_0.user_id,bp1_0.verification_status,bp1_0.verified_at,bp1_0.verified_by from business_profiles bp1_0 where bp1_0.user_id=? and bp1_0.verification_status=? and bp1_0.is_deleted=false
Hibernate: select us1_0.id,us1_0.auto_renew,us1_0.created_at,us1_0.expires_at,us1_0.granted_by,us1_0.notes,us1_0.payment_gateway,us1_0.payment_ref,us1_0.plan_id,us1_0.started_at,us1_0.status,us1_0.subscription_id,us1_0.updated_at,us1_0.user_id from user_subscriptions us1_0 where us1_0.user_id=? and us1_0.status='ACTIVE' and us1_0.expires_at>?
Hibernate: select bp1_0.id,bp1_0.address,bp1_0.attributes,bp1_0.block_reason,bp1_0.business_name,bp1_0.created_at,bp1_0.documents,bp1_0.form_id,bp1_0.form_version,bp1_0.is_active,bp1_0.is_deleted,bp1_0.is_visible,bp1_0.latitude,bp1_0.longitude,bp1_0.profile_id,bp1_0.profile_type,bp1_0.reject_reason,bp1_0.updated_at,bp1_0.user_id,bp1_0.verification_status,bp1_0.verified_at,bp1_0.verified_by from business_profiles bp1_0 where bp1_0.user_id=? and bp1_0.verification_status=? and bp1_0.is_deleted=false
Hibernate: select us1_0.id,us1_0.auto_renew,us1_0.created_at,us1_0.expires_at,us1_0.granted_by,us1_0.notes,us1_0.payment_gateway,us1_0.payment_ref,us1_0.plan_id,us1_0.started_at,us1_0.status,us1_0.subscription_id,us1_0.updated_at,us1_0.user_id from user_subscriptions us1_0 where us1_0.user_id=? and us1_0.status='ACTIVE' and us1_0.expires_at>?
Hibernate: select bp1_0.id,bp1_0.address,bp1_0.attributes,bp1_0.block_reason,bp1_0.business_name,bp1_0.created_at,bp1_0.documents,bp1_0.form_id,bp1_0.form_version,bp1_0.is_active,bp1_0.is_deleted,bp1_0.is_visible,bp1_0.latitude,bp1_0.longitude,bp1_0.profile_id,bp1_0.profile_type,bp1_0.reject_reason,bp1_0.updated_at,bp1_0.user_id,bp1_0.verification_status,bp1_0.verified_at,bp1_0.verified_by from business_profiles bp1_0 where bp1_0.user_id=? and bp1_0.verification_status=? and bp1_0.is_deleted=false
Hibernate: select us1_0.id,us1_0.auto_renew,us1_0.created_at,us1_0.expires_at,us1_0.granted_by,us1_0.notes,us1_0.payment_gateway,us1_0.payment_ref,us1_0.plan_id,us1_0.started_at,us1_0.status,us1_0.subscription_id,us1_0.updated_at,us1_0.user_id from user_subscriptions us1_0 where us1_0.user_id=? and us1_0.status='ACTIVE' and us1_0.expires_at>?
Hibernate: select bp1_0.id,bp1_0.address,bp1_0.attributes,bp1_0.block_reason,bp1_0.business_name,bp1_0.created_at,bp1_0.documents,bp1_0.form_id,bp1_0.form_version,bp1_0.is_active,bp1_0.is_deleted,bp1_0.is_visible,bp1_0.latitude,bp1_0.longitude,bp1_0.profile_id,bp1_0.profile_type,bp1_0.reject_reason,bp1_0.updated_at,bp1_0.user_id,bp1_0.verification_status,bp1_0.verified_at,bp1_0.verified_by from business_profiles bp1_0 where bp1_0.user_id=? and bp1_0.verification_status=? and bp1_0.is_deleted=false
Hibernate: select us1_0.id,us1_0.auto_renew,us1_0.created_at,us1_0.expires_at,us1_0.granted_by,us1_0.notes,us1_0.payment_gateway,us1_0.payment_ref,us1_0.plan_id,us1_0.started_at,us1_0.status,us1_0.subscription_id,us1_0.updated_at,us1_0.user_id from user_subscriptions us1_0 where us1_0.user_id=? and us1_0.status='ACTIVE' and us1_0.expires_at>?
Hibernate: select bp1_0.id,bp1_0.address,bp1_0.attributes,bp1_0.block_reason,bp1_0.business_name,bp1_0.created_at,bp1_0.documents,bp1_0.form_id,bp1_0.form_version,bp1_0.is_active,bp1_0.is_deleted,bp1_0.is_visible,bp1_0.latitude,bp1_0.longitude,bp1_0.profile_id,bp1_0.profile_type,bp1_0.reject_reason,bp1_0.updated_at,bp1_0.user_id,bp1_0.verification_status,bp1_0.verified_at,bp1_0.verified_by from business_profiles bp1_0 where bp1_0.user_id=? and bp1_0.verification_status=? and bp1_0.is_deleted=false
Hibernate: select us1_0.id,us1_0.auto_renew,us1_0.created_at,us1_0.expires_at,us1_0.granted_by,us1_0.notes,us1_0.payment_gateway,us1_0.payment_ref,us1_0.plan_id,us1_0.started_at,us1_0.status,us1_0.subscription_id,us1_0.updated_at,us1_0.user_id from user_subscriptions us1_0 where us1_0.user_id=? and us1_0.status='ACTIVE' and us1_0.expires_at>?
Hibernate: select bp1_0.id,bp1_0.address,bp1_0.attributes,bp1_0.block_reason,bp1_0.business_name,bp1_0.created_at,bp1_0.documents,bp1_0.form_id,bp1_0.form_version,bp1_0.is_active,bp1_0.is_deleted,bp1_0.is_visible,bp1_0.latitude,bp1_0.longitude,bp1_0.profile_id,bp1_0.profile_type,bp1_0.reject_reason,bp1_0.updated_at,bp1_0.user_id,bp1_0.verification_status,bp1_0.verified_at,bp1_0.verified_by from business_profiles bp1_0 where bp1_0.user_id=? and bp1_0.verification_status=? and bp1_0.is_deleted=false
Hibernate: select us1_0.id,us1_0.auto_renew,us1_0.created_at,us1_0.expires_at,us1_0.granted_by,us1_0.notes,us1_0.payment_gateway,us1_0.payment_ref,us1_0.plan_id,us1_0.started_at,us1_0.status,us1_0.subscription_id,us1_0.updated_at,us1_0.user_id from user_subscriptions us1_0 where us1_0.user_id=? and us1_0.status='ACTIVE' and us1_0.expires_at>?
Hibernate: select bp1_0.id,bp1_0.address,bp1_0.attributes,bp1_0.block_reason,bp1_0.business_name,bp1_0.created_at,bp1_0.documents,bp1_0.form_id,bp1_0.form_version,bp1_0.is_active,bp1_0.is_deleted,bp1_0.is_visible,bp1_0.latitude,bp1_0.longitude,bp1_0.profile_id,bp1_0.profile_type,bp1_0.reject_reason,bp1_0.updated_at,bp1_0.user_id,bp1_0.verification_status,bp1_0.verified_at,bp1_0.verified_by from business_profiles bp1_0 where bp1_0.user_id=? and bp1_0.verification_status=? and bp1_0.is_deleted=false
2026-08-01T23:08:55.633+05:30  INFO [trace=cd9167760ecb4494] 34020 --- [tantra] [nio-8080-exec-6] c.h.t.modules.home.service.HomeService   : [HOME] Home feed assembled — modules=2 sections=2 featured=0 profiles=0
Hibernate: select mp1_0.id,mp1_0.crop_key,mp1_0.crop_name,mp1_0.emoji,mp1_0.is_active,mp1_0.notified_on,mp1_0.prev_price_per_quintal,mp1_0.price_per_quintal,mp1_0.season,mp1_0.year from msp_prices mp1_0 where mp1_0.year=? and mp1_0.is_active=true order by mp1_0.season,mp1_0.crop_key
Hibernate: select u1_0.id,u1_0.app_usage_role,u1_0.created_at,u1_0.first_name,u1_0.last_name,u1_0.mobile_number,u1_0.otp_expiry,u1_0.password,u1_0.preferred_language,u1_0.reset_otp,u1_0.user_id from users u1_0 where u1_0.mobile_number=?
Hibernate: select u1_0.id,u1_0.app_usage_role,u1_0.created_at,u1_0.first_name,u1_0.last_name,u1_0.mobile_number,u1_0.otp_expiry,u1_0.password,u1_0.preferred_language,u1_0.reset_otp,u1_0.user_id from users u1_0 where u1_0.mobile_number=?
Hibernate: select u1_0.id,u1_0.app_usage_role,u1_0.created_at,u1_0.first_name,u1_0.last_name,u1_0.mobile_number,u1_0.otp_expiry,u1_0.password,u1_0.preferred_language,u1_0.reset_otp,u1_0.user_id from users u1_0 where u1_0.mobile_number=?
Hibernate: select u1_0.id,u1_0.app_usage_role,u1_0.created_at,u1_0.first_name,u1_0.last_name,u1_0.mobile_number,u1_0.otp_expiry,u1_0.password,u1_0.preferred_language,u1_0.reset_otp,u1_0.user_id from users u1_0 where u1_0.mobile_number=?
Hibernate: select u1_0.id,u1_0.app_usage_role,u1_0.created_at,u1_0.first_name,u1_0.last_name,u1_0.mobile_number,u1_0.otp_expiry,u1_0.password,u1_0.preferred_language,u1_0.reset_otp,u1_0.user_id from users u1_0 where u1_0.mobile_number=?
Hibernate: select u1_0.id,u1_0.app_usage_role,u1_0.created_at,u1_0.first_name,u1_0.last_name,u1_0.mobile_number,u1_0.otp_expiry,u1_0.password,u1_0.preferred_language,u1_0.reset_otp,u1_0.user_id from users u1_0 where u1_0.mobile_number=?
Hibernate: select am1_0.id,am1_0.created_at,am1_0.is_active,am1_0.module_key,am1_0.module_name_en,am1_0.module_name_hi from app_modules am1_0 where am1_0.is_active=true
Hibernate: select count(n1_0.id) from notifications n1_0 where n1_0.user_id=? and n1_0.is_read=false
Hibernate: select u1_0.id,u1_0.app_usage_role,u1_0.created_at,u1_0.first_name,u1_0.last_name,u1_0.mobile_number,u1_0.otp_expiry,u1_0.password,u1_0.preferred_language,u1_0.reset_otp,u1_0.user_id from users u1_0 where u1_0.mobile_number=?
Hibernate: select u1_0.id,u1_0.app_usage_role,u1_0.created_at,u1_0.first_name,u1_0.last_name,u1_0.mobile_number,u1_0.otp_expiry,u1_0.password,u1_0.preferred_language,u1_0.reset_otp,u1_0.user_id from users u1_0 where u1_0.mobile_number=?
Hibernate: select n1_0.id,n1_0.body,n1_0.created_at,n1_0.is_read,n1_0.ref_id,n1_0.ref_type,n1_0.title,n1_0.type,n1_0.user_id from notifications n1_0 where n1_0.user_id=? order by n1_0.created_at desc,n1_0.created_at desc fetch first ? rows only
Hibernate: select u1_0.id,u1_0.app_usage_role,u1_0.created_at,u1_0.first_name,u1_0.last_name,u1_0.mobile_number,u1_0.otp_expiry,u1_0.password,u1_0.preferred_language,u1_0.reset_otp,u1_0.user_id from users u1_0 where u1_0.mobile_number=?
Hibernate: select bp1_0.id,bp1_0.address,bp1_0.attributes,bp1_0.block_reason,bp1_0.business_name,bp1_0.created_at,bp1_0.documents,bp1_0.form_id,bp1_0.form_version,bp1_0.is_active,bp1_0.is_deleted,bp1_0.is_visible,bp1_0.latitude,bp1_0.longitude,bp1_0.profile_id,bp1_0.profile_type,bp1_0.reject_reason,bp1_0.updated_at,bp1_0.user_id,bp1_0.verification_status,bp1_0.verified_at,bp1_0.verified_by from business_profiles bp1_0 where bp1_0.verification_status=? and bp1_0.is_deleted=false order by bp1_0.created_at fetch first ? rows only
Hibernate: select u1_0.id,u1_0.app_usage_role,u1_0.created_at,u1_0.first_name,u1_0.last_name,u1_0.mobile_number,u1_0.otp_expiry,u1_0.password,u1_0.preferred_language,u1_0.reset_otp,u1_0.user_id from users u1_0 where u1_0.mobile_number=?
Hibernate: select u1_0.id,u1_0.app_usage_role,u1_0.created_at,u1_0.first_name,u1_0.last_name,u1_0.mobile_number,u1_0.otp_expiry,u1_0.password,u1_0.preferred_language,u1_0.reset_otp,u1_0.user_id from users u1_0 where u1_0.mobile_number=?
Hibernate: select u1_0.id,u1_0.app_usage_role,u1_0.created_at,u1_0.first_name,u1_0.last_name,u1_0.mobile_number,u1_0.otp_expiry,u1_0.password,u1_0.preferred_language,u1_0.reset_otp,u1_0.user_id from users u1_0 where u1_0.mobile_number=?
Hibernate: select u1_0.id,u1_0.app_usage_role,u1_0.created_at,u1_0.first_name,u1_0.last_name,u1_0.mobile_number,u1_0.otp_expiry,u1_0.password,u1_0.preferred_language,u1_0.reset_otp,u1_0.user_id from users u1_0 where u1_0.mobile_number=?
Hibernate: select am1_0.id,am1_0.created_at,am1_0.is_active,am1_0.module_key,am1_0.module_name_en,am1_0.module_name_hi from app_modules am1_0 where am1_0.is_active=true
Hibernate: select u1_0.id,u1_0.app_usage_role,u1_0.created_at,u1_0.first_name,u1_0.last_name,u1_0.mobile_number,u1_0.otp_expiry,u1_0.password,u1_0.preferred_language,u1_0.reset_otp,u1_0.user_id from users u1_0 where u1_0.mobile_number=?
Hibernate: select u1_0.id,u1_0.app_usage_role,u1_0.created_at,u1_0.first_name,u1_0.last_name,u1_0.mobile_number,u1_0.otp_expiry,u1_0.password,u1_0.preferred_language,u1_0.reset_otp,u1_0.user_id from users u1_0 where u1_0.mobile_number=?
Hibernate: select count(n1_0.id) from notifications n1_0 where n1_0.user_id=? and n1_0.is_read=false
Hibernate: select u1_0.id,u1_0.app_usage_role,u1_0.created_at,u1_0.first_name,u1_0.last_name,u1_0.mobile_number,u1_0.otp_expiry,u1_0.password,u1_0.preferred_language,u1_0.reset_otp,u1_0.user_id from users u1_0 where u1_0.mobile_number=?
Hibernate: select u1_0.id,u1_0.app_usage_role,u1_0.created_at,u1_0.first_name,u1_0.last_name,u1_0.mobile_number,u1_0.otp_expiry,u1_0.password,u1_0.preferred_language,u1_0.reset_otp,u1_0.user_id from users u1_0 where u1_0.mobile_number=?
Hibernate: select u1_0.id,u1_0.app_usage_role,u1_0.created_at,u1_0.first_name,u1_0.last_name,u1_0.mobile_number,u1_0.otp_expiry,u1_0.password,u1_0.preferred_language,u1_0.reset_otp,u1_0.user_id from users u1_0 where u1_0.mobile_number=?
Hibernate: select count(bp1_0.id) from business_profiles bp1_0 where bp1_0.is_deleted=false
Hibernate: select u1_0.id,u1_0.app_usage_role,u1_0.created_at,u1_0.first_name,u1_0.last_name,u1_0.mobile_number,u1_0.otp_expiry,u1_0.password,u1_0.preferred_language,u1_0.reset_otp,u1_0.user_id from users u1_0 where u1_0.mobile_number=?
Hibernate: select count(bp1_0.id) from business_profiles bp1_0 where bp1_0.is_deleted=false
Hibernate: select count(bp1_0.id) from business_profiles bp1_0 where bp1_0.verification_status=? and bp1_0.is_deleted=false
Hibernate: select count(bp1_0.id) from business_profiles bp1_0 where bp1_0.verification_status=? and bp1_0.is_deleted=false
Hibernate: select count(bp1_0.id) from business_profiles bp1_0 where bp1_0.verification_status=? and bp1_0.is_deleted=false
Hibernate: select count(bp1_0.id) from business_profiles bp1_0 where bp1_0.verification_status=? and bp1_0.is_deleted=false
Hibernate: select count(bp1_0.id) from business_profiles bp1_0 where bp1_0.verification_status=? and bp1_0.is_deleted=false
Hibernate: select count(bp1_0.id) from business_profiles bp1_0 where bp1_0.verification_status=? and bp1_0.is_deleted=false
Hibernate: select count(bp1_0.id) from business_profiles bp1_0 where bp1_0.verification_status=? and bp1_0.is_deleted=false
Hibernate: select count(bp1_0.id) from business_profiles bp1_0 where bp1_0.verification_status=? and bp1_0.is_deleted=false
Hibernate: select count(bp1_0.id) from business_profiles bp1_0 where bp1_0.verified_by=? and bp1_0.verification_status=? and bp1_0.is_deleted=false
Hibernate: select count(bp1_0.id) from business_profiles bp1_0 where bp1_0.verified_by=? and bp1_0.verification_status=? and bp1_0.is_deleted=false
Hibernate: select count(bp1_0.id) from business_profiles bp1_0 where bp1_0.verified_by=? and bp1_0.verification_status=? and bp1_0.is_deleted=false
Hibernate: select count(bp1_0.id) from business_profiles bp1_0 where bp1_0.verified_by=? and bp1_0.verification_status=? and bp1_0.is_deleted=false
Hibernate: select count(bp1_0.id) from business_profiles bp1_0 where bp1_0.verified_by=? and bp1_0.verification_status=? and bp1_0.is_deleted=false
Hibernate: select count(bp1_0.id) from business_profiles bp1_0 where bp1_0.verified_by=? and bp1_0.verification_status=? and bp1_0.is_deleted=false
Hibernate: select u1_0.id,u1_0.app_usage_role,u1_0.created_at,u1_0.first_name,u1_0.last_name,u1_0.mobile_number,u1_0.otp_expiry,u1_0.password,u1_0.preferred_language,u1_0.reset_otp,u1_0.user_id from users u1_0 where u1_0.mobile_number=?
Hibernate: select u1_0.id,u1_0.app_usage_role,u1_0.created_at,u1_0.first_name,u1_0.last_name,u1_0.mobile_number,u1_0.otp_expiry,u1_0.password,u1_0.preferred_language,u1_0.reset_otp,u1_0.user_id from users u1_0 where u1_0.mobile_number=?
Hibernate: select u1_0.id,u1_0.app_usage_role,u1_0.created_at,u1_0.first_name,u1_0.last_name,u1_0.mobile_number,u1_0.otp_expiry,u1_0.password,u1_0.preferred_language,u1_0.reset_otp,u1_0.user_id from users u1_0 where u1_0.mobile_number=?
Hibernate: select bp1_0.id,bp1_0.address,bp1_0.attributes,bp1_0.block_reason,bp1_0.business_name,bp1_0.created_at,bp1_0.documents,bp1_0.form_id,bp1_0.form_version,bp1_0.is_active,bp1_0.is_deleted,bp1_0.is_visible,bp1_0.latitude,bp1_0.longitude,bp1_0.profile_id,bp1_0.profile_type,bp1_0.reject_reason,bp1_0.updated_at,bp1_0.user_id,bp1_0.verification_status,bp1_0.verified_at,bp1_0.verified_by from business_profiles bp1_0 where bp1_0.verification_status=? and bp1_0.is_deleted=false order by bp1_0.created_at fetch first ? rows only
Hibernate: select bp1_0.id,bp1_0.address,bp1_0.attributes,bp1_0.block_reason,bp1_0.business_name,bp1_0.created_at,bp1_0.documents,bp1_0.form_id,bp1_0.form_version,bp1_0.is_active,bp1_0.is_deleted,bp1_0.is_visible,bp1_0.latitude,bp1_0.longitude,bp1_0.profile_id,bp1_0.profile_type,bp1_0.reject_reason,bp1_0.updated_at,bp1_0.user_id,bp1_0.verification_status,bp1_0.verified_at,bp1_0.verified_by from business_profiles bp1_0 where bp1_0.verification_status=? and bp1_0.is_deleted=false order by bp1_0.created_at fetch first ? rows only
Hibernate: select u1_0.id,u1_0.app_usage_role,u1_0.created_at,u1_0.first_name,u1_0.last_name,u1_0.mobile_number,u1_0.otp_expiry,u1_0.password,u1_0.preferred_language,u1_0.reset_otp,u1_0.user_id from users u1_0 where u1_0.mobile_number=?
Hibernate: select u1_0.id,u1_0.app_usage_role,u1_0.created_at,u1_0.first_name,u1_0.last_name,u1_0.mobile_number,u1_0.otp_expiry,u1_0.password,u1_0.preferred_language,u1_0.reset_otp,u1_0.user_id from users u1_0 where u1_0.mobile_number=?
Hibernate: select u1_0.id,u1_0.app_usage_role,u1_0.created_at,u1_0.first_name,u1_0.last_name,u1_0.mobile_number,u1_0.otp_expiry,u1_0.password,u1_0.preferred_language,u1_0.reset_otp,u1_0.user_id from users u1_0 where u1_0.mobile_number=?
Hibernate: select u1_0.id,u1_0.app_usage_role,u1_0.created_at,u1_0.first_name,u1_0.last_name,u1_0.mobile_number,u1_0.otp_expiry,u1_0.password,u1_0.preferred_language,u1_0.reset_otp,u1_0.user_id from users u1_0 where u1_0.mobile_number=?
Hibernate: select bp1_0.id,bp1_0.address,bp1_0.attributes,bp1_0.block_reason,bp1_0.business_name,bp1_0.created_at,bp1_0.documents,bp1_0.form_id,bp1_0.form_version,bp1_0.is_active,bp1_0.is_deleted,bp1_0.is_visible,bp1_0.latitude,bp1_0.longitude,bp1_0.profile_id,bp1_0.profile_type,bp1_0.reject_reason,bp1_0.updated_at,bp1_0.user_id,bp1_0.verification_status,bp1_0.verified_at,bp1_0.verified_by from business_profiles bp1_0 where bp1_0.profile_id=? and bp1_0.is_deleted=false
Hibernate: insert into audit_logs (action,actor_user_id,created_at,details,entity_id,entity_type,trace_id) values (?,?,?,?,?,?,?)
Hibernate: insert into notifications (body,created_at,is_read,ref_id,ref_type,title,type,user_id) values (?,?,?,?,?,?,?,?)
Hibernate: select dt1_0.id,dt1_0.created_at,dt1_0.fcm_token,dt1_0.platform,dt1_0.updated_at,dt1_0.user_id from device_tokens dt1_0 where dt1_0.user_id=?
Hibernate: update business_profiles set address=?,attributes=?,block_reason=?,business_name=?,documents=?,form_id=?,form_version=?,is_active=?,is_deleted=?,is_visible=?,latitude=?,longitude=?,profile_id=?,profile_type=?,reject_reason=?,updated_at=?,user_id=?,verification_status=?,verified_at=?,verified_by=? where id=?
Hibernate: select u1_0.id,u1_0.app_usage_role,u1_0.created_at,u1_0.first_name,u1_0.last_name,u1_0.mobile_number,u1_0.otp_expiry,u1_0.password,u1_0.preferred_language,u1_0.reset_otp,u1_0.user_id from users u1_0 where u1_0.mobile_number=?
Hibernate: select bp1_0.id,bp1_0.address,bp1_0.attributes,bp1_0.block_reason,bp1_0.business_name,bp1_0.created_at,bp1_0.documents,bp1_0.form_id,bp1_0.form_version,bp1_0.is_active,bp1_0.is_deleted,bp1_0.is_visible,bp1_0.latitude,bp1_0.longitude,bp1_0.profile_id,bp1_0.profile_type,bp1_0.reject_reason,bp1_0.updated_at,bp1_0.user_id,bp1_0.verification_status,bp1_0.verified_at,bp1_0.verified_by from business_profiles bp1_0 where bp1_0.verification_status=? and bp1_0.is_deleted=false order by bp1_0.created_at fetch first ? rows only
